
> frontend@0.1.0 dev
> next dev -H 0.0.0.0

▲ Next.js 16.3.1 (Turbopack)
- Local:         http://localhost:3000
- Network:       http://0.0.0.0:3000
- Environments: .env.local
✓ Ready in 286ms
⚠ Warning: Next.js ignored pnpm-lock.yaml in /Users/siva because it is outside the current Git repository (/Users/siva/Desktop/HelpDesk Lite/frontend).
 To use this directory, set `turbopack.root` in your Next.js config.

✓ Running next.config.ts took 709ms

 HEAD / 200 in 192ms (next.js: 122ms, application-code: 70ms)
 GET / 200 in 22ms (next.js: 2.0ms, application-code: 20ms)
 GET / 200 in 26ms (next.js: 5ms, application-code: 21ms)
 GET / 200 in 33ms (next.js: 7ms, application-code: 26ms)
 GET / 200 in 198ms (next.js: 102ms, application-code: 96ms)
 GET /dashboard 200 in 81ms (next.js: 50ms, application-code: 31ms)
 GET /login 200 in 55ms (next.js: 25ms, application-code: 30ms)
 GET / 200 in 140ms (next.js: 108ms, application-code: 32ms)
 GET /login 200 in 67ms (next.js: 50ms, application-code: 17ms)
 GET / 200 in 85ms (next.js: 26ms, application-code: 59ms)
 GET /login 200 in 16ms (next.js: 3ms, application-code: 13ms)
 GET /dashboard 200 in 113ms (next.js: 100ms, application-code: 13ms)
 GET / 200 in 26ms (next.js: 7ms, application-code: 19ms)
